// Jest Snapshot v1, https://goo.gl/fbAQLP

exports[`<ActionsWrapper /> renders correctly 1`] = `
<div
  className="actions-wrapper"
>
  <header
    className="header-container"
  >
    <div
      className="header-content"
    >
      <ActionHeaderUserInfo
        isFetching={false}
      />
      <div>
        <ButtonComponent
          height={26}
          link={true}
          onClick={[Function]}
          type="button"
          width={26}
        >
          <IconComponent
            fill="#555657"
            height={26}
            icon="account-plus"
            width={26}
          />
        </ButtonComponent>
        <ButtonComponent
          height={26}
          link={true}
          margin="0px 0px 0px 20px"
          onClick={[Function]}
          type="button"
          width={26}
        >
          <IconComponent
            fill="#555657"
            height={26}
            icon="message-text"
            width={26}
          />
        </ButtonComponent>
        <ButtonComponent
          height={26}
          link={true}
          margin="0px 0px 0px 20px"
          onClick={[Function]}
          type="button"
          width={26}
        >
          <IconComponent
            fill="#555657"
            height={26}
            icon="message-text"
            width={26}
          />
        </ButtonComponent>
      </div>
    </div>
  </header>
  <div>
    <InputComponent
      autoComplete="off"
      iconComponent={[Function]}
      maxLength={15}
      onBlur={[Function]}
      onChange={[Function]}
      onFocus={[Function]}
      search={true}
      type="text"
    />
  </div>
  <ConversationsList
    emptyMessage="No conversations to show"
    isFetching={false}
    items={
      Array [
        Object {
          "color": "#1461ff",
        },
        Object {
          "color": "#dbcc86",
        },
        Object {
          "color": "#d89389",
        },
        Object {
          "color": "#1461ff",
        },
        Object {
          "color": "#dbcc86",
        },
        Object {
          "color": "#d89389",
        },
        Object {
          "color": "#1461ff",
        },
        Object {
          "color": "#dbcc86",
        },
        Object {
          "color": "#d89389",
        },
        Object {
          "color": "#1461ff",
        },
        Object {
          "color": "#dbcc86",
        },
        Object {
          "color": "#d89389",
        },
      ]
    }
    onClickItem={[Function]}
  />
  <DrawerComponent
    handleGoBack={[Function]}
    isOpen={false}
    title="Add friend"
  >
    <AddFriendDrawer />
  </DrawerComponent>
  <DrawerComponent
    handleGoBack={[Function]}
    isOpen={false}
    title="New conversation"
  >
    <StartConversationDrawer />
  </DrawerComponent>
</div>
`;
