// Jest Snapshot v1, https://goo.gl/fbAQLP

exports[`<DropDownMenuComponent /> renders correctly 1`] = `
<div>
  teste
</div>
`;
