// Jest Snapshot v1, https://goo.gl/fbAQLP

exports[`<ChatWrapper /> renders correctly 1`] = `
<div
  className="chat-container"
>
  <header
    className="header-container"
  />
  <section
    className="chat-content"
  />
  <footer
    className="footer-container"
  />
</div>
`;
