// Jest Snapshot v1, https://goo.gl/fbAQLP

exports[`<ConversationsList /> renders correctly 1`] = `
<div
  className="conversations-list-container"
>
  <div>
    <ConversationCardComponent
      desc={
        Object {
          "fontSize": 13,
          "margin": "0px 0px 0px 14px",
          "maxWidth": 100,
          "text": "Hey there! how are you",
        }
      }
      key="0"
      profile={
        Object {
          "backgroundColor": "red",
          "color": "white",
          "height": 40,
          "label": "AM",
          "labelFontSize": 12,
          "width": 40,
        }
      }
      rightLabel="Yesterday"
      title={
        Object {
          "fontSize": 13,
          "margin": "0px 0px 0px 14px",
          "maxWidth": 100,
          "text": "Amendowins",
        }
      }
    />
  </div>
</div>
`;
